// Jest Snapshot v1, https://goo.gl/fbAQLP

exports[`</Splash> We see the Splash Page with logo 1`] = `
<div
  className={undefined}
>
  <NavLink
    activeclassName="active"
    ariaCurrent="true"
    className={undefined}
    to="/home"
  >
    <Logo />
  </NavLink>
</div>
`;
